// Jest Snapshot v1, https://goo.gl/fbAQLP

exports[`renders Header 1`] = `
<div>
  <div
    class="header card-header"
  >
    <div>
      <img
        class="w-32 rounded-circle img-thumbnail"
        src="https://picsum.photos/id/101/32/32"
      />
      <a
        class="username username"
        href="/#username"
      >
        azizoid
      </a>
    </div>
    <a
      class="threeDots card-link"
    >
      <button
        class="btn btn-link"
        type="button"
      >
        <svg
          fill="currentColor"
          height="1em"
          role="icon"
          stroke="currentColor"
          stroke-width="0"
          viewBox="0 0 16 16"
          width="1em"
          xmlns="http://www.w3.org/2000/svg"
        >
          <path
            d="M3 9.5a1.5 1.5 0 1 1 0-3 1.5 1.5 0 0 1 0 3zm5 0a1.5 1.5 0 1 1 0-3 1.5 1.5 0 0 1 0 3zm5 0a1.5 1.5 0 1 1 0-3 1.5 1.5 0 0 1 0 3z"
          />
        </svg>
      </button>
    </a>
  </div>
</div>
`;
